******************************************************************************
                  TI ARM Linker PC v20.2.5                     
******************************************************************************
>> Linked Thu May 25 16:22:19 2023

OUTPUT FILE NAME:   <SSL_REST_API_AWS.out>
ENTRY POINT SYMBOL: "_c_int00_noargs"  address: 2000dc55


MEMORY CONFIGURATION

         name            origin    length      used     unused   attr    fill
----------------------  --------  ---------  --------  --------  ----  --------
  SRAM_CODE             20004000   00013000  0000a9c6  0000863a  RW X
  SRAM_DATA             20017000   00019000  00009906  0000f6fa  RW X


SEGMENT ALLOCATION MAP

run origin  load origin   length   init length attrs members
----------  ----------- ---------- ----------- ----- -------
20004000    20004000    0000a9c8   0000a9c8    r-x
  20004000    20004000    00000400   00000400    r-- .intvecs
  20004400    20004400    00009ef2   00009ef2    r-x .text
  2000e2f4    2000e2f4    00000614   00000614    r-- .const
  2000e908    2000e908    000000c0   000000c0    r-- .cinit
20017000    20017000    00008908   00000000    rw-
  20017000    20017000    00008000   00000000    rw- .sysmem
  2001f000    2001f000    0000063e   00000000    rw- .bss
  2001f640    2001f640    000002c8   00000000    rw- .data
2002f000    2002f000    00001000   00000000    rw-
  2002f000    2002f000    00001000   00000000    rw- .stack


SECTION ALLOCATION MAP

 output                                  attributes/
section   page    origin      length       input sections
--------  ----  ----------  ----------   ----------------
.intvecs   0    20004000    00000400     
                  20004000    00000400     startup_ccs.obj (.intvecs)

.init_array 
*          0    20004000    00000000     UNINITIALIZED

.text      0    20004400    00009ef2     
                  20004400    000019f0     main.obj (.text)
                  20005df0    00000a4e     rtsv7M4_T_le_eabi.lib : _printfi.c.obj (.text:__TI_printfi)
                  2000683e    00000002     driverlib.a : interrupt.obj (.text:IntDefaultHandler)
                  20006840    00000590     simplelink.a : driver.obj (.text:_SlDrvMsgRead)
                  20006dd0    00000398     gpio_if.obj (.text)
                  20007168    00000280     simplelink.a : wlan.obj (.text:sl_WlanConnect)
                  200073e8    0000027c     uart_if.obj (.text)
                  20007664    00000268     rtsv7M4_T_le_eabi.lib : _printfi.c.obj (.text:_pconv_a)
                  200078cc    00000248     simplelink.a : driver.obj (.text:_SlDrvRxHdrRead)
                  20007b14    000001e4                  : driver.obj (.text:_SlDrvDataReadOp)
                  20007cf8    000001d0                  : driver.obj (.text:_SlDrvReleasePoolObj)
                  20007ec8    000001cc     rtsv7M4_T_le_eabi.lib : _printfi.c.obj (.text:_pconv_g)
                  20008094    000001b6                           : fd_add_t2.asm.obj (.text)
                  2000824a    00000002                           : _lock.c.obj (.text:_nop)
                  2000824c    000001b4     simplelink.a : driver.obj (.text:_SlDrvDriverCBInit)
                  20008400    0000019c                  : driver.obj (.text:_SlDrvMsgWrite)
                  2000859c    00000190                  : driver.obj (.text:_SlDrvWaitForPoolObj)
                  2000872c    0000018c                  : socket.obj (.text:sl_Connect)
                  200088b8    00000178     driverlib.a : prcm.obj (.text:PRCMCC3200MCUInit)
                  20008a30    00000170     simplelink.a : driver.obj (.text:_SlFindAndSetActiveObj)
                  20008ba0    00000150                  : driver.obj (.text:_SlDrvDataWriteOp)
                  20008cf0    00000148                  : cc_pal.obj (.text:spi_Open)
                  20008e38    00000144                  : driver.obj (.text:_SlDrvMsgReadCmdCtx)
                  20008f7c    00000144                  : netapp.obj (.text:sl_NetAppDnsGetHostByName)
                  200090c0    0000013c     rtsv7M4_T_le_eabi.lib : _printfi.c.obj (.text:_pconv_e)
                  200091fc    00000138     pin_mux_config.obj (.text)
                  20009334    00000136     rtsv7M4_T_le_eabi.lib : fd_div_t2.asm.obj (.text)
                  2000946a    00000002                           : div0.asm.obj (.text)
                  2000946c    00000134     simplelink.a : socket.obj (.text:sl_Send)
                  200095a0    00000130                  : driver.obj (.text:_SlDrvDriverCBDeinit)
                  200096d0    00000120     rtsv7M4_T_le_eabi.lib : _printfi.c.obj (.text:fcvt)
                  200097f0    00000114                           : fputs.c.obj (.text:fputs)
                  20009904    00000104     simplelink.a : netapp.obj (.text:_SlDrvNetAppEventHandler)
                  20009a08    00000100     rtsv7M4_T_le_eabi.lib : memory.c.obj (.text:aligned_alloc)
                  20009b08    000000fc                           : fd_mul_t2.asm.obj (.text)
                  20009c04    000000fa     timer_if.obj (.text)
                  20009cfe    00000002     --HOLE-- [fill = 0]
                  20009d00    000000f0     simplelink.a : device.obj (.text:sl_Stop)
                  20009df0    000000f0                  : cc_pal.obj (.text:spi_Read)
                  20009ee0    000000f0     driverlib.a : udma.obj (.text:uDMAChannelTransferSet)
                  20009fd0    000000ec     simplelink.a : device.obj (.text:sl_Start)
                  2000a0bc    000000e8                  : driver.obj (.text:_SlAsyncEventGenericHandler)
                  2000a1a4    000000e8                  : driver.obj (.text:_SlDrvMsgReadSpawnCtx)
                  2000a28c    000000e4     rtsv7M4_T_le_eabi.lib : memory.c.obj (.text:free)
                  2000a370    000000e4                           : memory.c.obj (.text:realloc)
                  2000a454    000000e4     simplelink.a : netapp.obj (.text:sl_NetAppMDNSRegisterUnregisterService)
                  2000a538    000000dc                  : driver.obj (.text:_SlDrvClassifyRxMsg)
                  2000a614    000000dc     rtsv7M4_T_le_eabi.lib : setvbuf.c.obj (.text:setvbuf)
                  2000a6f0    000000d0                           : s_scalbn.c.obj (.text:scalbn)
                  2000a7c0    000000cc     simplelink.a : netapp.obj (.text:_sl_HandleAsync_DnsGetHostByService)
                  2000a88c    000000cc                  : device.obj (.text:sl_DevGet)
                  2000a958    000000c4                  : driver.obj (.text:_SlRemoveFromList)
                  2000aa1c    000000c0                  : driver.obj (.text:_SlDrvCmdOp)
                  2000aadc    000000b1     rtsv7M4_T_le_eabi.lib : _printfi.c.obj (.text:_ltostr)
                  2000ab8d    00000003     --HOLE-- [fill = 0]
                  2000ab90    000000b0     simplelink.a : nonos.obj (.text:_SlNonOsSemGet)
                  2000ac40    000000a8     driverlib.a : interrupt.obj (.text:IntDisable)
                  2000ace8    000000a8                 : interrupt.obj (.text:IntEnable)
                  2000ad90    000000a4     simplelink.a : driver.obj (.text:_SlDriverHandleError)
                  2000ae34    000000a0     driverlib.a : spi.obj (.text:SPIConfigSetExpClk)
                  2000aed4    000000a0     simplelink.a : socket.obj (.text:sl_Recv)
                  2000af74    0000009c     rtsv7M4_T_le_eabi.lib : memcpy_t2.asm.obj (.text)
                  2000b010    0000009a     simplelink.a : device.obj (.text:_SlDrvDeviceEventHandler)
                  2000b0aa    00000002     --HOLE-- [fill = 0]
                  2000b0ac    00000098                  : device.obj (.text:sl_DevSet)
                  2000b144    00000098                  : netcfg.obj (.text:sl_NetCfgSet)
                  2000b1dc    00000098                  : socket.obj (.text:sl_SetSockOpt)
                  2000b274    00000098                  : wlan.obj (.text:sl_WlanSet)
                  2000b30c    00000098                  : cc_pal.obj (.text:spi_Write)
                  2000b3a4    00000096     rtsv7M4_T_le_eabi.lib : ull_div_t2.asm.obj (.text)
                  2000b43a    00000002     --HOLE-- [fill = 0]
                  2000b43c    00000094     driverlib.a : prcm.obj (.text:PRCMPeripheralClockGet)
                  2000b4d0    00000090     simplelink.a : netapp.obj (.text:_sl_HandleAsync_DnsGetHostByName)
                  2000b560    00000090                  : netapp.obj (.text:_sl_HandleAsync_PingResponse)
                  2000b5f0    00000090                  : wlan.obj (.text:sl_WlanPolicySet)
                  2000b680    0000008c                  : cc_pal.obj (.text:SetupDMAReceive)
                  2000b70c    0000008c                  : cc_pal.obj (.text:SetupDMASend)
                  2000b798    0000008c                  : driver.obj (.text:_SlDrvIsTimeoutExpired)
                  2000b824    0000008c                  : device.obj (.text:_sl_HandleAsync_InitComplete)
                  2000b8b0    0000008c     rtsv7M4_T_le_eabi.lib : fputc.c.obj (.text:fputc)
                  2000b93c    0000008c     simplelink.a : socket.obj (.text:sl_Socket)
                  2000b9c8    00000088     driverlib.a : pin.obj (.text:PinConfigSet)
                  2000ba50    00000086     rtsv7M4_T_le_eabi.lib : fd_cmp_t2.asm.obj (.text:__aeabi_cdcmple)
                  2000bad6    00000086                           : fd_cmp_t2.asm.obj (.text:__aeabi_cdrcmple)
                  2000bb5c    00000084     simplelink.a : wlan.obj (.text:sl_WlanRxFilterSet)
                  2000bbe0    00000082     driverlib.a : gpio.obj (.text:GPIOIntTypeSet)
                  2000bc62    00000002     --HOLE-- [fill = 0]
                  2000bc64    00000080     simplelink.a : socket.obj (.text:_sl_HandleAsync_Connect)
                  2000bce4    00000080                  : cc_pal.obj (.text:spi_Read_CPU)
                  2000bd64    00000080                  : cc_pal.obj (.text:spi_Write_CPU)
                  2000bde4    0000007a     rtsv7M4_T_le_eabi.lib : memset_t2.asm.obj (.text)
                  2000be5e    00000002     --HOLE-- [fill = 0]
                  2000be60    00000078     simplelink.a : cc_pal.obj (.text:spi_Close)
                  2000bed8    00000076     driverlib.a : uart.obj (.text:UARTConfigSetExpClk)
                  2000bf4e    00000002     --HOLE-- [fill = 0]
                  2000bf50    00000074     simplelink.a : nonos.obj (.text:_SlNonOsMainLoopTask)
                  2000bfc4    00000074     rtsv7M4_T_le_eabi.lib : fclose.c.obj (.text:__TI_closefile)
                  2000c038    00000070     driverlib.a : timer.obj (.text:TimerIntRegister)
                  2000c0a8    00000070     rtsv7M4_T_le_eabi.lib : memory.c.obj (.text:split)
                  2000c118    0000006e                           : _printfi.c.obj (.text:_mcpy)
                  2000c186    00000002     --HOLE-- [fill = 0]
                  2000c188    0000006c                           : hostrename.c.obj (.text:HOSTrename)
                  2000c1f4    0000006c     simplelink.a : driver.obj (.text:_SlDrvCmdSend)
                  2000c260    0000006c                  : netapp.obj (.text:_sl_NetAppSendTokenValue)
                  2000c2cc    00000068     rtsv7M4_T_le_eabi.lib : hostlseek.c.obj (.text:HOSTlseek)
                  2000c334    00000068     driverlib.a : timer.obj (.text:TimerIntUnregister)
                  2000c39c    00000068     rtsv7M4_T_le_eabi.lib : copy_decompress_lzss.c.obj (.text:decompress:lzss:__TI_decompress_lzss)
                  2000c404    00000068                           : printf.c.obj (.text:printf)
                  2000c46c    00000064     simplelink.a : nonos.obj (.text:_SlNonOsSpawn)
                  2000c4d0    00000064                  : socket.obj (.text:_sl_HandleAsync_Accept)
                  2000c534    00000064     rtsv7M4_T_le_eabi.lib : fseek.c.obj (.text:fseek)
                  2000c598    00000064     simplelink.a : netapp.obj (.text:sl_NetAppMDNSUnRegisterService)
                  2000c5fc    00000064     driverlib.a : udma.obj (.text:uDMAChannelAttributeDisable)
                  2000c660    00000064                 : udma.obj (.text:uDMAChannelAttributeEnable)
                  2000c6c4    00000062     rtsv7M4_T_le_eabi.lib : _io_perm.c.obj (.text:__TI_wrt_ok)
                  2000c726    00000002     --HOLE-- [fill = 0]
                  2000c728    00000060                           : hostopen.c.obj (.text:HOSTopen)
                  2000c788    00000060     simplelink.a : socket.obj (.text:sl_Close)
                  2000c7e8    00000060                  : wlan.obj (.text:sl_WlanProfileDel)
                  2000c848    00000060                  : wlan.obj (.text:sl_WlanSetMode)
                  2000c8a8    0000005c     rtsv7M4_T_le_eabi.lib : close.c.obj (.text:close)
                  2000c904    0000005c                           : s_frexp.c.obj (.text:frexp)
                  2000c960    00000058                           : hostread.c.obj (.text:HOSTread)
                  2000c9b8    00000058                           : hostwrite.c.obj (.text:HOSTwrite)
                  2000ca10    00000058     driverlib.a : interrupt.obj (.text:IntPendClear)
                  2000ca68    00000058                 : prcm.obj (.text:PRCMPeripheralReset)
                  2000cac0    00000056     rtsv7M4_T_le_eabi.lib : _printfi.c.obj (.text:_pconv_f)
                  2000cb16    00000002     --HOLE-- [fill = 0]
                  2000cb18    00000054     driverlib.a : interrupt.obj (.text:IntPrioritySet)
                  2000cb6c    00000054     simplelink.a : driver.obj (.text:_SlDrvRxIrqHandler)
                  2000cbc0    00000054     rtsv7M4_T_le_eabi.lib : _ltoa.c.obj (.text:__TI_ltoa)
                  2000cc14    00000054     simplelink.a : socket.obj (.text:_sl_HandleAsync_Select)
                  2000cc68    00000052     rtsv7M4_T_le_eabi.lib : _printfi.c.obj (.text:_ecpy)
                  2000ccba    00000002     --HOLE-- [fill = 0]
                  2000ccbc    00000050     simplelink.a : device.obj (.text:_sl_HandleAsync_Stop)
                  2000cd0c    0000004c     driverlib.a : spi.obj (.text:SPIIntEnable)
                  2000cd58    0000004c                 : spi.obj (.text:SPIIntNumberGet)
                  2000cda4    0000004c     simplelink.a : driver.obj (.text:_SlDrvProtectAsyncRespSetting)
                  2000cdf0    0000004c     rtsv7M4_T_le_eabi.lib : fflush.c.obj (.text:__TI_doflush)
                  2000ce3c    0000004c     simplelink.a : socket.obj (.text:_sl_BuildAddress)
                  2000ce88    0000004c     rtsv7M4_T_le_eabi.lib : atoi.c.obj (.text:atoi)
                  2000ced4    0000004c     driverlib.a : udma.obj (.text:uDMAChannelAssign)
                  2000cf20    00000048                 : gpio.obj (.text:GPIOGetIntNumber)
                  2000cf68    00000048                 : spi.obj (.text:SPIIntClear)
                  2000cfb0    00000048     simplelink.a : driver.obj (.text:_SlDrvBasicCmd)
                  2000cff8    00000048     rtsv7M4_T_le_eabi.lib : exit.c.obj (.text:exit)
                  2000d040    00000048                           : fd_toi_t2.asm.obj (.text)
                  2000d088    00000044                           : hostclose.c.obj (.text:HOSTclose)
                  2000d0cc    00000044                           : hostunlink.c.obj (.text:HOSTunlink)
                  2000d110    00000044     driverlib.a : spi.obj (.text:SPIDmaMaskGet)
                  2000d154    00000044                 : timer.obj (.text:TimerConfigure)
                  2000d198    00000044     simplelink.a : driver.obj (.text:_SlDrvHandleHttpServerEvents)
                  2000d1dc    00000044                  : driver.obj (.text:_SlDrvSyncObjWaitTimeout)
                  2000d220    00000044     rtsv7M4_T_le_eabi.lib : autoinit.c.obj (.text:__TI_auto_init_nobinit_nopinit:__TI_auto_init_nobinit_nopinit)
                  2000d264    00000044     simplelink.a : cc_pal.obj (.text:cc_SetupTransfer)
                  2000d2a8    00000044     rtsv7M4_T_le_eabi.lib : getdevice.c.obj (.text:getdevice)
                  2000d2ec    00000042     simplelink.a : socket.obj (.text:sl_Htonl)
                  2000d32e    00000002     --HOLE-- [fill = 0]
                  2000d330    00000040     driverlib.a : pin.obj (.text:PinModeSet)
                  2000d370    00000040     simplelink.a : driver.obj (.text:_SlDrvHandleNetAppEvents)
                  2000d3b0    00000040                  : driver.obj (.text:_SlDrvHandleWlanEvents)
                  2000d3f0    00000040                  : socket.obj (.text:_sl_TruncatePayloadByProtocol)
                  2000d430    00000040     rtsv7M4_T_le_eabi.lib : sprintf.c.obj (.text:sprintf)
                  2000d470    00000040                           : vsnprintf.c.obj (.text:vsnprintf)
                  2000d4b0    0000003e     simplelink.a : cc_pal.obj (.text:NwpRegisterInterruptHandler)
                  2000d4ee    0000003e     rtsv7M4_T_le_eabi.lib : _printfi.c.obj (.text:_fcpy)
                  2000d52c    0000003c     simplelink.a : netapp.obj (.text:CopyPingResultsToReport)
                  2000d568    0000003c     driverlib.a : prcm.obj (.text:PRCMPeripheralClkEnable)
                  2000d5a4    0000003c     simplelink.a : cc_pal.obj (.text:simplelink_timerA2_start)
                  2000d5e0    0000003c                  : socket.obj (.text:sl_Htons)
                  2000d61c    0000003c     driverlib.a : udma.obj (.text:uDMAChannelControlSet)
                  2000d658    00000038     simplelink.a : cc_pal.obj (.text:NwpPowerOff)
                  2000d690    00000038     rtsv7M4_T_le_eabi.lib : trgmsg.c.obj (.text:__TI_writemsg)
                  2000d6c8    00000038     simplelink.a : wlan.obj (.text:sl_WlanDisconnect)
                  2000d700    00000036     driverlib.a : gpio.obj (.text:GPIODirModeSet)
                  2000d736    00000036     rtsv7M4_T_le_eabi.lib : strncpy.c.obj (.text:strncpy)
                  2000d76c    00000034     driverlib.a : prcm.obj (.text:PRCMPeripheralStatusGet)
                  2000d7a0    00000034                 : spi.obj (.text:SPIFIFOLevelSet)
                  2000d7d4    00000034     rtsv7M4_T_le_eabi.lib : fopen.c.obj (.text:__TI_cleanup)
                  2000d808    00000034                           : trgmsg.c.obj (.text:__TI_readmsg)
                  2000d83c    00000030     driverlib.a : pin.obj (.text:PinTypeGPIO)
                  2000d86c    00000030                 : uart.obj (.text:UARTDisable)
                  2000d89c    00000030     rtsv7M4_T_le_eabi.lib : vsnprintf.c.obj (.text:_outs)
                  2000d8cc    00000030                           : getdevice.c.obj (.text:finddevice)
                  2000d8fc    0000002e                           : i_tofd_t2.asm.obj (.text)
                  2000d92a    00000002     --HOLE-- [fill = 0]
                  2000d92c    0000002c     simplelink.a : cc_pal.obj (.text:NwpPowerOn)
                  2000d958    0000002c     driverlib.a : prcm.obj (.text:PRCMSysResetCauseGet)
                  2000d984    0000002c     simplelink.a : driver.obj (.text:_SlDrvObjGlobalLockWaitForever)
                  2000d9b0    0000002c                  : driver.obj (.text:_SlDrvProtectionObjLockWaitForever)
                  2000d9dc    0000002c     rtsv7M4_T_le_eabi.lib : unlink.c.obj (.text:unlink)
                  2000da08    0000002a     driverlib.a : timer.obj (.text:TimerLoadSet)
                  2000da32    0000002a                 : timer.obj (.text:TimerPrescaleSet)
                  2000da5c    00000028                 : prcm.obj (.text:PRCMPeripheralClkDisable)
                  2000da84    00000028     simplelink.a : driver.obj (.text:_SlDrvGlobalObjUnLock)
                  2000daac    00000028                  : driver.obj (.text:_SlDrvProtectionObjUnLock)
                  2000dad4    00000028                  : driver.obj (.text:_SlDrvSyncObjWaitForever)
                  2000dafc    00000028     rtsv7M4_T_le_eabi.lib : memory.c.obj (.text:free_list_insert)
                  2000db24    00000028                           : lseek.c.obj (.text:lseek)
                  2000db4c    00000028                           : memmov.c.obj (.text:memmove)
                  2000db74    00000028                           : write.c.obj (.text:write)
                  2000db9c    00000026     simplelink.a : driver.obj (.text:_SlDrvObjLockWaitForever)
                  2000dbc2    00000026     network_common.obj (.text)
                  2000dbe8    00000024     simplelink.a : cc_pal.obj (.text:DmaSpiSwIntHandler)
                  2000dc0c    00000024     driverlib.a : interrupt.obj (.text:IntUnregister)
                  2000dc30    00000024                 : uart.obj (.text:UARTEnable)
                  2000dc54    00000024     rtsv7M4_T_le_eabi.lib : boot_cortex_m.c.obj (.text:_c_int00_noargs:_c_int00_noargs)
                  2000dc78    00000022     driverlib.a : gpio.obj (.text:GPIOIntStatus)
                  2000dc9a    00000022                 : spi.obj (.text:SPIReset)
                  2000dcbc    00000022                 : spi.obj (.text:SPIWordCountSet)
                  2000dcde    00000020                 : gpio.obj (.text:GPIOPinWrite)
                  2000dcfe    00000002     --HOLE-- [fill = 0]
                  2000dd00    00000020                 : interrupt.obj (.text:IntRegister)
                  2000dd20    00000020     simplelink.a : cc_pal.obj (.text:NwpPrePowerOffTimout0)
                  2000dd40    00000020                  : cc_pal.obj (.text:TimerGetCurrentTimestamp)
                  2000dd60    00000020                  : driver.obj (.text:_SlDrvObjUnLock)
                  2000dd80    00000020                  : driver.obj (.text:_SlDrvSyncObjSignal)
                  2000dda0    00000020     rtsv7M4_T_le_eabi.lib : memchr.c.obj (.text:memchr)
                  2000ddc0    0000001e     driverlib.a : gpio.obj (.text:GPIOIntRegister)
                  2000ddde    0000001e                 : timer.obj (.text:TimerDisable)
                  2000ddfc    0000001e                 : timer.obj (.text:TimerEnable)
                  2000de1a    0000001e                 : timer.obj (.text:TimerIntStatus)
                  2000de38    0000001e                 : uart.obj (.text:UARTCharPut)
                  2000de56    0000001e     simplelink.a : cc_pal.obj (.text:cc_UDMAChannelSelect)
                  2000de74    0000001e     rtsv7M4_T_le_eabi.lib : strcat.c.obj (.text:strcat)
                  2000de92    0000001c     driverlib.a : timer.obj (.text:TimerValueGet)
                  2000deae    0000001c                 : uart.obj (.text:UARTCharGetNonBlocking)
                  2000deca    0000001c     simplelink.a : driver.obj (.text:_SlDrvStartMeasureTimeout)
                  2000dee6    00000002     --HOLE-- [fill = 0]
                  2000dee8    0000001c     rtsv7M4_T_le_eabi.lib : memory.c.obj (.text:free_list_remove)
                  2000df04    0000001c                           : memccpy.c.obj (.text:memccpy)
                  2000df20    0000001c     driverlib.a : udma.obj (.text:uDMAChannelEnable)
                  2000df3c    0000001a                 : gpio.obj (.text:GPIOIntEnable)
                  2000df56    0000001a                 : pin.obj (.text:PinTypeUART)
                  2000df70    0000001a                 : spi.obj (.text:SPIDmaDisable)
                  2000df8a    0000001a                 : spi.obj (.text:SPIDmaEnable)
                  2000dfa4    0000001a                 : spi.obj (.text:SPIFIFODisable)
                  2000dfbe    0000001a                 : spi.obj (.text:SPIFIFOEnable)
                  2000dfd8    0000001a                 : spi.obj (.text:SPIIntUnregister)
                  2000dff2    00000018                 : gpio.obj (.text:GPIOPinRead)
                  2000e00a    00000018                 : spi.obj (.text:SPICSDisable)
                  2000e022    00000018                 : spi.obj (.text:SPICSEnable)
                  2000e03a    00000018                 : spi.obj (.text:SPIDisable)
                  2000e052    00000018                 : spi.obj (.text:SPIEnable)
                  2000e06a    00000018                 : timer.obj (.text:TimerIntDisable)
                  2000e082    00000018                 : timer.obj (.text:TimerIntEnable)
                  2000e09a    00000018                 : uart.obj (.text:UARTCharsAvail)
                  2000e0b2    00000018                 : uart.obj (.text:UARTFIFOLevelSet)
                  2000e0ca    00000018                 : uart.obj (.text:UARTIntEnable)
                  2000e0e2    00000018     simplelink.a : nonos.obj (.text:_SlNonOsSemSet)
                  2000e0fa    00000018     rtsv7M4_T_le_eabi.lib : vsnprintf.c.obj (.text:_outc)
                  2000e112    00000018                           : sprintf.c.obj (.text:_outs)
                  2000e12a    00000002     --HOLE-- [fill = 0]
                  2000e12c    00000018     simplelink.a : device.obj (.text:_sl_GetStartResponseConvert)
                  2000e144    00000018     rtsv7M4_T_le_eabi.lib : strcmp.c.obj (.text:strcmp)
                  2000e15c    00000016     driverlib.a : prcm.obj (.text:PRCMHIBRegRead)
                  2000e172    00000016                 : prcm.obj (.text:PRCMHIBRegWrite)
                  2000e188    00000016     simplelink.a : driver.obj (.text:_SlDrvMemZero)
                  2000e19e    00000016     rtsv7M4_T_le_eabi.lib : strchr.c.obj (.text:strchr)
                  2000e1b4    00000014     driverlib.a : cpu.obj (.text:CPUcpsie)
                  2000e1c8    00000014                 : gpio.obj (.text:GPIOIntClear)
                  2000e1dc    00000014                 : interrupt.obj (.text:IntVTableBaseSet)
                  2000e1f0    00000014     rtsv7M4_T_le_eabi.lib : strcpy.c.obj (.text:strcpy)
                  2000e204    00000014                           : strlen.c.obj (.text:strlen)
                  2000e218    00000012     driverlib.a : timer.obj (.text:TimerIntClear)
                  2000e22a    00000012                 : uart.obj (.text:UARTIntClear)
                  2000e23c    00000012     rtsv7M4_T_le_eabi.lib : wcslen.c.obj (.text:wcslen)
                  2000e24e    00000010     simplelink.a : driver.obj (.text:_SlDrvDispatchHttpServerEvents)
                  2000e25e    0000000e                  : driver.obj (.text:_SlDrvResetCmdExt)
                  2000e26c    0000000e     rtsv7M4_T_le_eabi.lib : copy_decompress_none.c.obj (.text:decompress:none:__TI_decompress_none)
                  2000e27a    0000000e     startup_ccs.obj (.text)
                  2000e288    0000000c     simplelink.a : cc_pal.obj (.text:NwpMaskInterrupt)
                  2000e294    0000000c                  : cc_pal.obj (.text:NwpUnMaskInterrupt)
                  2000e2a0    0000000c     rtsv7M4_T_le_eabi.lib : s_copysign.c.obj (.text:copysign)
                  2000e2ac    0000000c                           : copy_zero_init.c.obj (.text:decompress:ZI:__TI_zero_init)
                  2000e2b8    0000000a     driverlib.a : interrupt.obj (.text:IntMasterEnable)
                  2000e2c2    0000000a     rtsv7M4_T_le_eabi.lib : sprintf.c.obj (.text:_outc)
                  2000e2cc    00000008                           : errno.c.obj (.text:__aeabi_errno_addr)
                  2000e2d4    00000008                           : memory.c.obj (.text:malloc)
                  2000e2dc    00000006     driverlib.a : utils.obj (.text:UtilsDelay)
                  2000e2e2    00000004     rtsv7M4_T_le_eabi.lib : printf.c.obj (.text:_outc)
                  2000e2e6    00000004                           : printf.c.obj (.text:_outs)
                  2000e2ea    00000004                           : pre_init.c.obj (.text:_system_pre_init)
                  2000e2ee    00000004                           : exit.c.obj (.text:abort:abort)

.const     0    2000e2f4    00000614     
                  2000e2f4    00000101     rtsv7M4_T_le_eabi.lib : ctype.c.obj (.const:.string:_ctypes_)
                  2000e3f5    00000003     --HOLE-- [fill = 0]
                  2000e3f8    00000100     driverlib.a : pin.obj (.const:g_ulPinToPadMap)
                  2000e4f8    000000d4                 : interrupt.obj (.const:g_pulRegs)
                  2000e5cc    000000a8                 : prcm.obj (.const:PRCM_PeriphRegsList)
                  2000e674    0000003c     simplelink.a : driver.obj (.const:OpcodeTranslateTable)
                  2000e6b0    00000038                  : driver.obj (.const:_SlActionLookupTable)
                  2000e6e8    00000030     main.obj (.const:.string)
                  2000e718    0000002c     main.obj (.const:$P$T1$2)
                  2000e744    00000024     driverlib.a : spi.obj (.const:g_ppulSPIIntMap)
                  2000e768    00000022     main.obj (.const:.string:$P$T0$1)
                  2000e78a    00000002     --HOLE-- [fill = 0]
                  2000e78c    00000020     simplelink.a : driver.obj (.const:RxMsgClassLUT)
                  2000e7ac    00000018     driverlib.a : interrupt.obj (.const:g_pulDisRegs)
                  2000e7c4    00000018                 : interrupt.obj (.const:g_pulEnRegs)
                  2000e7dc    00000018                 : interrupt.obj (.const:g_pulUnpendRegs)
                  2000e7f4    00000018                 : spi.obj (.const:g_ulSPIDmaMaskMap)
                  2000e80c    00000015     main.obj (.const:.string:$P$T6$7)
                  2000e821    00000003     --HOLE-- [fill = 0]
                  2000e824    00000014     simplelink.a : driver.obj (.const:$P$T0$1)
                  2000e838    00000014                  : nonos.obj (.const:$P$T0$1)
                  2000e84c    00000014     main.obj (.const:$P$T2$3)
                  2000e860    00000010     simplelink.a : socket.obj (.const:.string:_SlPayloadByProtocolLUT)
                  2000e870    0000000c     main.obj (.const:$P$T4$5)
                  2000e87c    0000000c     main.obj (.const:.string:$P$T3$4)
                  2000e888    00000009     main.obj (.const:.string:$P$T5$6)
                  2000e891    00000008     simplelink.a : device.obj (.const:StartResponseLUT)
                  2000e899    00000003     --HOLE-- [fill = 0]
                  2000e89c    00000008                  : driver.obj (.const:g_H2NCnysPattern)
                  2000e8a4    00000008                  : driver.obj (.const:g_H2NSyncPattern)
                  2000e8ac    00000005     main.obj (.const:.string:$P$T7$10)
                  2000e8b1    00000001     --HOLE-- [fill = 0]
                  2000e8b2    00000004     simplelink.a : wlan.obj (.const:$P$T0$1)
                  2000e8b6    00000004                  : socket.obj (.const:$P$T2$3)
                  2000e8ba    00000004                  : device.obj (.const:_SlDeviceGetCmdCtrl)
                  2000e8be    00000004                  : device.obj (.const:_SlDeviceSetCmdCtrl)
                  2000e8c2    00000004                  : netapp.obj (.const:_SlGetHostByNameCtrl)
                  2000e8c6    00000004                  : netapp.obj (.const:_SlNetAppSendTokenValueCmdCtrl)
                  2000e8ca    00000004                  : netcfg.obj (.const:_SlNetCfgSetCmdCtrl)
                  2000e8ce    00000004                  : wlan.obj (.const:_SlPolicySetCmdCtrl)
                  2000e8d2    00000004                  : wlan.obj (.const:_SlProfileDelCmdCtrl)
                  2000e8d6    00000004                  : socket.obj (.const:_SlRecvCmdCtrl)
                  2000e8da    00000004                  : netapp.obj (.const:_SlRegisterServiceCtrl)
                  2000e8de    00000004                  : wlan.obj (.const:_SlRxFilterSetCmdCtrl)
                  2000e8e2    00000004                  : socket.obj (.const:_SlSendCmdCtrl)
                  2000e8e6    00000004                  : socket.obj (.const:_SlSetSockOptCmdCtrl)
                  2000e8ea    00000004                  : socket.obj (.const:_SlSockCloseCmdCtrl)
                  2000e8ee    00000004                  : socket.obj (.const:_SlSockSocketCmdCtrl)
                  2000e8f2    00000004                  : device.obj (.const:_SlStopCmdCtrl)
                  2000e8f6    00000004                  : wlan.obj (.const:_SlWlanCfgSetCmdCtrl)
                  2000e8fa    00000004                  : wlan.obj (.const:_SlWlanSetModeCmdCtrl)
                  2000e8fe    00000002     --HOLE-- [fill = 0]
                  2000e900    00000004                  : driver.obj (.const:httpServer_callbacks)
                  2000e904    00000004                  : driver.obj (.const:netApp_callbacks)

.cinit     0    2000e908    000000c0     
                  2000e908    0000009b     (.cinit..data.load) [load image, compression = lzss]
                  2000e9a3    00000001     --HOLE-- [fill = 0]
                  2000e9a4    0000000c     (__TI_handler_table)
                  2000e9b0    00000008     (.cinit..bss.load) [load image, compression = zero_init]
                  2000e9b8    00000010     (__TI_cinit_table)

.sysmem    0    20017000    00008000     UNINITIALIZED
                  20017000    00000010     rtsv7M4_T_le_eabi.lib : memory.c.obj (.sysmem)
                  20017010    00007ff0     --HOLE--

.bss       0    2001f000    0000063e     UNINITIALIZED
                  2001f000    00000168     simplelink.a : driver.obj (.bss:g_StatMem)
                  2001f168    0000012c     (.common:messageReceived)
                  2001f294    0000012c     (.common:messageToBeSent)
                  2001f3c0    00000120     rtsv7M4_T_le_eabi.lib : trgmsg.c.obj (.bss:_CIOBUF_)
                  2001f4e0    000000a0     (.common:__TI_tmpnams)
                  2001f580    00000050     (.common:g_ucDinDout)
                  2001f5d0    0000002c     (.common:g_time)
                  2001f5fc    00000024     (.common:g_ucConnectionSSID)
                  2001f620    00000008     (.common:g_ucConnectionBSSID)
                  2001f628    00000008     (.common:parmbuf)
                  2001f630    00000004     uart_if.obj (.bss)
                  2001f634    00000004     (.common:drawNow)
                  2001f638    00000001     (.common:RxIrqCnt)
                  2001f639    00000001     (.common:g_bDeviceRestartIsRequired)
                  2001f63a    00000001     (.common:g_cDummy)
                  2001f63b    00000001     (.common:g_ucLED1Pin)
                  2001f63c    00000001     (.common:g_ucLED2Pin)
                  2001f63d    00000001     (.common:g_ucLED3Pin)

.data      0    2001f640    000002c8     UNINITIALIZED
                  2001f640    000000f0     rtsv7M4_T_le_eabi.lib : defs.c.obj (.data:_ftable)
                  2001f730    00000078                           : host_device.c.obj (.data:_device)
                  2001f7a8    00000050                           : host_device.c.obj (.data:_stream)
                  2001f7f8    0000003c     simplelink.a : nonos.obj (.data:g__SlNonOsCB)
                  2001f834    00000038     main.obj (.data)
                  2001f86c    00000021     main.obj (.data:input)
                  2001f88d    00000003     --HOLE--
                  2001f890    00000014     gpio_if.obj (.data:ulReg)
                  2001f8a4    00000010     rtsv7M4_T_le_eabi.lib : defs.c.obj (.data)
                  2001f8b4    0000000d     simplelink.a : driver.obj (.data)
                  2001f8c1    00000003     --HOLE--
                  2001f8c4    0000000c     rtsv7M4_T_le_eabi.lib : exit.c.obj (.data:$O1$$)
                  2001f8d0    0000000c     gpio_if.obj (.data)
                  2001f8dc    00000009     simplelink.a : cc_pal.obj (.data)
                  2001f8e5    00000003     --HOLE--
                  2001f8e8    00000008     rtsv7M4_T_le_eabi.lib : _lock.c.obj (.data:$O1$$)
                  2001f8f0    00000008                           : memory.c.obj (.data:$O1$$)
                  2001f8f8    00000008     main.obj (.data:IR_output)
                  2001f900    00000004     rtsv7M4_T_le_eabi.lib : errno.c.obj (.data)
                  2001f904    00000004     simplelink.a : driver.obj (.data:wlan_callbacks)

.stack     0    2002f000    00001000     UNINITIALIZED
                  2002f000    00000004     rtsv7M4_T_le_eabi.lib : boot_cortex_m.c.obj (.stack)
                  2002f004    00000ffc     --HOLE--

__llvm_prf_cnts 
*          0    20017000    00000000     UNINITIALIZED

MODULE SUMMARY

       Module                       code    ro data   rw data
       ------                       ----    -------   -------
    .\
       main.obj                     6640    205       789    
       startup_ccs.obj              14      1024      0      
       gpio_if.obj                  920     0         35     
       uart_if.obj                  636     0         4      
       pin_mux_config.obj           312     0         0      
       timer_if.obj                 250     0         0      
       network_common.obj           38      0         0      
    +--+----------------------------+-------+---------+---------+
       Total:                       8810    1229      828    
                                                             
    C:/ti/CC3200SDK_1.5.0/cc3200-sdk/driverlib/ccs/Release/driverlib.a
       prcm.obj                     852     168       0      
       interrupt.obj                608     284       0      
       spi.obj                      798     60        0      
       udma.obj                     604     0         0      
       timer.obj                    552     0         0      
       pin.obj                      274     256       0      
       gpio.obj                     422     0         0      
       uart.obj                     350     0         0      
       cpu.obj                      20      0         0      
       utils.obj                    6       0         0      
    +--+----------------------------+-------+---------+---------+
       Total:                       4486    768       0      
                                                             
    C:/ti/CC3200SDK_1.5.0/cc3200-sdk/simplelink/ccs/NON_OS/simplelink.a
       driver.obj                   7906    192       379    
       cc_pal.obj                   1820    0         90     
       socket.obj                   1830    40        0      
       netapp.obj                   1572    12        0      
       wlan.obj                     1316    24        0      
       device.obj                   1230    20        0      
       nonos.obj                    416     20        60     
       netcfg.obj                   152     4         0      
    +--+----------------------------+-------+---------+---------+
       Total:                       16242   312       529    
                                                             
    C:\ti\ccs1040\ccs\tools\compiler\ti-cgt-arm_20.2.5.LTS\lib\rtsv7M4_T_le_eabi.lib
       _printfi.c.obj               4835    0         0      
       memory.c.obj                 900     0         8      
       fd_add_t2.asm.obj            438     0         0      
       defs.c.obj                   0       0         416    
       trgmsg.c.obj                 108     0         288    
       fd_div_t2.asm.obj            310     0         0      
       fputs.c.obj                  276     0         0      
       fd_cmp_t2.asm.obj            268     0         0      
       ctype.c.obj                  0       257       0      
       fd_mul_t2.asm.obj            252     0         0      
       setvbuf.c.obj                220     0         0      
       s_scalbn.c.obj               208     0         0      
       host_device.c.obj            0       0         200    
       memcpy_t2.asm.obj            156     0         0      
       ull_div_t2.asm.obj           150     0         0      
       fputc.c.obj                  140     0         0      
       vsnprintf.c.obj              136     0         0      
       memset_t2.asm.obj            122     0         0      
       fclose.c.obj                 116     0         0      
       getdevice.c.obj              116     0         0      
       printf.c.obj                 112     0         0      
       hostrename.c.obj             108     0         0      
       copy_decompress_lzss.c.obj   104     0         0      
       hostlseek.c.obj              104     0         0      
       hostopen.c.obj               96      0         8      
       fseek.c.obj                  100     0         0      
       _io_perm.c.obj               98      0         0      
       sprintf.c.obj                98      0         0      
       close.c.obj                  92      0         0      
       s_frexp.c.obj                92      0         0      
       exit.c.obj                   76      0         12     
       hostread.c.obj               88      0         0      
       hostwrite.c.obj              88      0         0      
       _ltoa.c.obj                  84      0         0      
       atoi.c.obj                   76      0         0      
       fflush.c.obj                 76      0         0      
       fd_toi_t2.asm.obj            72      0         0      
       autoinit.c.obj               68      0         0      
       hostclose.c.obj              68      0         0      
       hostunlink.c.obj             68      0         0      
       strncpy.c.obj                54      0         0      
       fopen.c.obj                  52      0         0      
       i_tofd_t2.asm.obj            46      0         0      
       unlink.c.obj                 44      0         0      
       lseek.c.obj                  40      0         0      
       memmov.c.obj                 40      0         0      
       write.c.obj                  40      0         0      
       boot_cortex_m.c.obj          36      0         0      
       memchr.c.obj                 32      0         0      
       strcat.c.obj                 30      0         0      
       memccpy.c.obj                28      0         0      
       strcmp.c.obj                 24      0         0      
       strchr.c.obj                 22      0         0      
       strcpy.c.obj                 20      0         0      
       strlen.c.obj                 20      0         0      
       wcslen.c.obj                 18      0         0      
       copy_decompress_none.c.obj   14      0         0      
       copy_zero_init.c.obj         12      0         0      
       errno.c.obj                  8       0         4      
       s_copysign.c.obj             12      0         0      
       _lock.c.obj                  2       0         8      
       pre_init.c.obj               4       0         0      
       div0.asm.obj                 2       0         0      
    +--+----------------------------+-------+---------+---------+
       Total:                       11119   257       944    
                                                             
       Heap:                        0       0         32768  
       Stack:                       0       0         4096   
       Linker Generated:            0       191       0      
    +--+----------------------------+-------+---------+---------+
       Grand Total:                 40657   2757      39165  


LINKER GENERATED COPY TABLES

__TI_cinit_table @ 2000e9b8 records: 2, size/record: 8, table size: 16
	.data: load addr=2000e908, load size=0000009b bytes, run addr=2001f640, run size=000002c8 bytes, compression=lzss
	.bss: load addr=2000e9b0, load size=00000008 bytes, run addr=2001f000, run size=0000063e bytes, compression=zero_init


LINKER GENERATED HANDLER TABLE

__TI_handler_table @ 2000e9a4 records: 3, size/record: 4, table size: 12
	index: 0, handler: __TI_decompress_lzss
	index: 1, handler: __TI_decompress_none
	index: 2, handler: __TI_zero_init


GLOBAL SYMBOLS: SORTED ALPHABETICALLY BY Name 

address   name                                  
-------   ----                                  
2000e2ef  C$$EXIT                               
2000d6bf  C$$IO$$                               
2000e1b5  CPUcpsie                              
20005b95  ClearCharAtSender                     
20007429  ClearTerm                             
2000dbe9  DmaSpiSwIntHandler                    
20007433  Error                                 
2000d701  GPIODirModeSet                        
2000e1c9  GPIOIntClear                          
2000df3d  GPIOIntEnable                         
2000ddc1  GPIOIntRegister                       
2000dc79  GPIOIntStatus                         
2000bbe1  GPIOIntTypeSet                        
2000dff3  GPIOPinRead                           
2000dcdf  GPIOPinWrite                          
20007091  GPIO_IF_ConfigureNIntEnable           
2000711d  GPIO_IF_Get                           
2000704b  GPIO_IF_GetPortNPin                   
20006e0d  GPIO_IF_LedConfigure                  
20006eff  GPIO_IF_LedOff                        
20006e4b  GPIO_IF_LedOn                         
20006fb3  GPIO_IF_LedStatus                     
2000701d  GPIO_IF_LedToggle                     
200070d9  GPIO_IF_Set                           
2000746b  GetCmd                                
2000d089  HOSTclose                             
2000c2cd  HOSTlseek                             
2000c729  HOSTopen                              
2000c961  HOSTread                              
2000c189  HOSTrename                            
2000d0cd  HOSTunlink                            
2000c9b9  HOSTwrite                             
200073e9  InitTerm                              
2000ac41  IntDisable                            
2000ace9  IntEnable                             
2000e2b9  IntMasterEnable                       
2000ca11  IntPendClear                          
2000cb19  IntPrioritySet                        
2000dd01  IntRegister                           
2000dc0d  IntUnregister                         
2000e1dd  IntVTableBaseSet                      
20005bd1  MasterMain                            
20007407  Message                               
2000e289  NwpMaskInterrupt                      
2000d659  NwpPowerOff                           
2000d92d  NwpPowerOn                            
2000dd21  NwpPrePowerOffTimout0                 
2000d4b1  NwpRegisterInterruptHandler           
2000e295  NwpUnMaskInterrupt                    
2000e674  OpcodeTranslateTable                  
200088b9  PRCMCC3200MCUInit                     
2000e15d  PRCMHIBRegRead                        
2000e173  PRCMHIBRegWrite                       
2000da5d  PRCMPeripheralClkDisable              
2000d569  PRCMPeripheralClkEnable               
2000b43d  PRCMPeripheralClockGet                
2000ca69  PRCMPeripheralReset                   
2000d76d  PRCMPeripheralStatusGet               
2000d959  PRCMSysResetCauseGet                  
2000b9c9  PinConfigSet                          
2000d331  PinModeSet                            
200091fd  PinMuxConfig                          
2000d83d  PinTypeGPIO                           
2000df57  PinTypeUART                           
20005b67  PrintCharSender                       
20005b41  PrintMessage                          
200075a9  Report                                
2000e27b  ResetISR                              
2001f638  RxIrqCnt                              
2000e00b  SPICSDisable                          
2000e023  SPICSEnable                           
2000ae35  SPIConfigSetExpClk                    
2000e03b  SPIDisable                            
2000df71  SPIDmaDisable                         
2000df8b  SPIDmaEnable                          
2000e053  SPIEnable                             
2000dfa5  SPIFIFODisable                        
2000dfbf  SPIFIFOEnable                         
2000d7a1  SPIFIFOLevelSet                       
2000cf69  SPIIntClear                           
2000cd0d  SPIIntEnable                          
2000dfd9  SPIIntUnregister                      
2000dc9b  SPIReset                              
2000dcbd  SPIWordCountSet                       
20005b21  SendMessage                           
200045d5  SimpleLinkGeneralEventHandler         
200045b1  SimpleLinkHttpServerCallback          
2000450f  SimpleLinkNetAppEventHandler          
200045f5  SimpleLinkSockEventHandler            
20004401  SimpleLinkWlanEventHandler            
20005a8f  TimerA0IntHandler                     
2000d155  TimerConfigure                        
2000dddf  TimerDisable                          
2000ddfd  TimerEnable                           
2000dd41  TimerGetCurrentTimestamp              
2000e219  TimerIntClear                         
2000e06b  TimerIntDisable                       
2000e083  TimerIntEnable                        
2000c039  TimerIntRegister                      
2000de1b  TimerIntStatus                        
2000c335  TimerIntUnregister                    
2000da09  TimerLoadSet                          
2000da33  TimerPrescaleSet                      
2000de93  TimerValueGet                         
20009cb9  Timer_IF_DeInit                       
20009ce7  Timer_IF_GetCount                     
20009c05  Timer_IF_Init                         
20009c37  Timer_IF_IntSetup                     
20009c75  Timer_IF_InterruptClear               
20009cd3  Timer_IF_ReLoad                       
20009c8d  Timer_IF_Start                        
20009ca9  Timer_IF_Stop                         
20007511  TrimSpace                             
2000deaf  UARTCharGetNonBlocking                
2000de39  UARTCharPut                           
2000e09b  UARTCharsAvail                        
2000bed9  UARTConfigSetExpClk                   
2000d86d  UARTDisable                           
2000dc31  UARTEnable                            
2000e0b3  UARTFIFOLevelSet                      
2000e22b  UARTIntClear                          
2000e0cb  UARTIntEnable                         
2000e2dd  UtilsDelay                            
2000e6b0  _SlActionLookupTable                  
2000ad91  _SlDriverHandleError                  
2000cfb1  _SlDrvBasicCmd                        
2000aa1d  _SlDrvCmdOp                           
2000c1f5  _SlDrvCmdSend                         
20007b15  _SlDrvDataReadOp                      
20008ba1  _SlDrvDataWriteOp                     
2000b011  _SlDrvDeviceEventHandler              
2000e24f  _SlDrvDispatchHttpServerEvents        
200095a1  _SlDrvDriverCBDeinit                  
2000824d  _SlDrvDriverCBInit                    
2000da85  _SlDrvGlobalObjUnLock                 
2000d199  _SlDrvHandleHttpServerEvents          
2000d371  _SlDrvHandleNetAppEvents              
2000d3b1  _SlDrvHandleWlanEvents                
2000b799  _SlDrvIsTimeoutExpired                
2000e189  _SlDrvMemZero                         
2000a1a5  _SlDrvMsgReadSpawnCtx                 
20009905  _SlDrvNetAppEventHandler              
2000db9d  _SlDrvObjLockWaitForever              
2000dd61  _SlDrvObjUnLock                       
2000cda5  _SlDrvProtectAsyncRespSetting         
2000d9b1  _SlDrvProtectionObjLockWaitForever    
2000daad  _SlDrvProtectionObjUnLock             
20007cf9  _SlDrvReleasePoolObj                  
2000e25f  _SlDrvResetCmdExt                     
2000cb6d  _SlDrvRxIrqHandler                    
2000decb  _SlDrvStartMeasureTimeout             
2000dd81  _SlDrvSyncObjSignal                   
2000dad5  _SlDrvSyncObjWaitForever              
2000d1dd  _SlDrvSyncObjWaitTimeout              
2000859d  _SlDrvWaitForPoolObj                  
2000e8c6  _SlNetAppSendTokenValueCmdCtrl        
2000bf51  _SlNonOsMainLoopTask                  
2000ab91  _SlNonOsSemGet                        
2000e0e3  _SlNonOsSemSet                        
2000c46d  _SlNonOsSpawn                         
2001f3c0  __CIOBUF_                             
20030000  __STACK_END                           
00001000  __STACK_SIZE                          
00008000  __SYSMEM_SIZE                         
2000e9b8  __TI_CINIT_Base                       
2000e9c8  __TI_CINIT_Limit                      
2000e9a4  __TI_Handler_Table_Base               
2000e9b0  __TI_Handler_Table_Limit              
2000d221  __TI_auto_init_nobinit_nopinit        
2000d7d5  __TI_cleanup                          
2001f8c4  __TI_cleanup_ptr                      
2000bfc5  __TI_closefile                        
2000c39d  __TI_decompress_lzss                  
2000e26d  __TI_decompress_none                  
2000cdf1  __TI_doflush                          
2001f8c8  __TI_dtors_ptr                        
2001f8cc  __TI_enable_exit_profile_output       
2001f8a4  __TI_ft_end                           
2000cbc1  __TI_ltoa                             
ffffffff  __TI_pprof_out_hndl                   
20005df1  __TI_printfi                          
ffffffff  __TI_prof_data_size                   
ffffffff  __TI_prof_data_start                  
2000d809  __TI_readmsg                          
2000e908  __TI_static_base__                    
2001f4e0  __TI_tmpnams                          
2000d691  __TI_writemsg                         
2000c6c5  __TI_wrt_ok                           
2000e2ad  __TI_zero_init                        
2000ba51  __aeabi_cdcmpeq                       
2000ba51  __aeabi_cdcmple                       
2000bad7  __aeabi_cdrcmple                      
2000d041  __aeabi_d2iz                          
2000809f  __aeabi_dadd                          
20009335  __aeabi_ddiv                          
20009b09  __aeabi_dmul                          
20008095  __aeabi_dsub                          
2000e2cd  __aeabi_errno_addr                    
2000d8fd  __aeabi_i2d                           
2000946b  __aeabi_idiv0                         
2000946b  __aeabi_ldiv0                         
2000bde5  __aeabi_memclr                        
2000bde5  __aeabi_memclr4                       
2000bde5  __aeabi_memclr8                       
2000af75  __aeabi_memcpy                        
2000af75  __aeabi_memcpy4                       
2000af75  __aeabi_memcpy8                       
2000bde7  __aeabi_memset                        
2000bde7  __aeabi_memset4                       
2000bde7  __aeabi_memset8                       
2001f8b0  __aeabi_stderr                        
2001f8a8  __aeabi_stdin                         
2001f8ac  __aeabi_stdout                        
2000b3a5  __aeabi_uldivmod                      
ffffffff  __binit__                             
ffffffff  __c_args__                            
UNDEFED   __mpu_init                            
2002f000  __stack                               
20017000  __start___llvm_prf_cnts               
20017000  __stop___llvm_prf_cnts                
2000dc55  _c_int00_noargs                       
2000e2f4  _ctypes_                              
2001f730  _device                               
2001f640  _ftable                               
2001f8e8  _lock                                 
2000824b  _nop                                  
2000c4d1  _sl_HandleAsync_Accept                
2000bc65  _sl_HandleAsync_Connect               
2000b4d1  _sl_HandleAsync_DnsGetHostByName      
2000a7c1  _sl_HandleAsync_DnsGetHostByService   
2000b825  _sl_HandleAsync_InitComplete          
2000b561  _sl_HandleAsync_PingResponse          
2000cc15  _sl_HandleAsync_Select                
2000ccbd  _sl_HandleAsync_Stop                  
2000c261  _sl_NetAppSendTokenValue              
2001f7a8  _stream                               
20017000  _sys_memory                           
UNDEFED   _system_post_cinit                    
2000e2eb  _system_pre_init                      
2001f8ec  _unlock                               
2000e2ef  abort                                 
20009a09  aligned_alloc                         
2000ce89  atoi                                  
ffffffff  binit                                 
2001f860  char_position                         
2000c8a9  close                                 
2000e2a1  copysign                              
2000e2a1  copysignl                             
2001f854  counter                               
2001f844  cycle                                 
2001f848  cycle_tap                             
2000546d  decoder                               
200059a9  display                               
2001f634  drawNow                               
2001f900  errno                                 
2000cff9  exit                                  
2000d8cd  finddevice                            
2000b8b1  fputc                                 
200097f1  fputs                                 
2000a28d  free                                  
2000c905  frexp                                 
2000c905  frexpl                                
2000c535  fseek                                 
2001f840  g_Host                                
2001f8b4  g_SlDeviceStatus                      
2001f8dc  g_SpiFd                               
2001f7f8  g__SlNonOsCB                          
2001f639  g_bDeviceRestartIsRequired            
2001f63a  g_cDummy                              
2001f8b8  g_pCB                                 
2001f8e0  g_pHostIntHdl                         
20004000  g_pfnVectors                          
2001f5d0  g_time                                
2001f620  g_ucConnectionBSSID                   
2001f5fc  g_ucConnectionSSID                    
2001f8e4  g_ucDMAEnabled                        
2001f580  g_ucDinDout                           
2001f63b  g_ucLED1Pin                           
2001f63c  g_ucLED2Pin                           
2001f63d  g_ucLED3Pin                           
2001f8d0  g_uiLED1Port                          
2001f8d4  g_uiLED2Port                          
2001f8d8  g_uiLED3Port                          
2001f83c  g_ulGatewayIP                         
2001f838  g_ulPingPacketsRecv                   
2001f834  g_ulStatus                            
2000d2a9  getdevice                             
2001f86c  input                                 
2000a6f1  ldexp                                 
2000a6f1  ldexpl                                
2000db25  lseek                                 
20005c71  main                                  
2000e2d5  malloc                                
20009a09  memalign                              
2000df05  memccpy                               
2000dda1  memchr                                
2000af75  memcpy                                
2000db4d  memmove                               
2000bded  memset                                
2001f168  messageReceived                       
2001f294  messageToBeSent                       
2000588f  multi_tap                             
2001f8bc  pPingCallBackFunc                     
2001f628  parmbuf                               
20004fbd  printErrConvenience                   
2000c405  printf                                
2000b8b1  putc                                  
2000a371  realloc                               
2000d9dd  remove                                
2001f850  reset_var                             
2000a6f1  scalbn                                
2000a6f1  scalbnl                               
2000a615  setvbuf                               
2000d5a5  simplelink_timerA2_start              
2000c789  sl_Close                              
2000872d  sl_Connect                            
2000a88d  sl_DevGet                             
2000b0ad  sl_DevSet                             
2000d2ed  sl_Htonl                              
2000d5e1  sl_Htons                              
20008f7d  sl_NetAppDnsGetHostByName             
2000a455  sl_NetAppMDNSRegisterUnregisterService
2000c599  sl_NetAppMDNSUnRegisterService        
2000b145  sl_NetCfgSet                          
2000dbc3  sl_Provisioning_HttpServerEventHdl    
2000dbd1  sl_Provisioning_NetAppEventHdl        
2000dbdd  sl_Provisioning_WlanEventHdl          
2000aed5  sl_Recv                               
2000946d  sl_Send                               
2000b1dd  sl_SetSockOpt                         
2000b93d  sl_Socket                             
20009fd1  sl_Start                              
20009d01  sl_Stop                               
20007169  sl_WlanConnect                        
2000d6c9  sl_WlanDisconnect                     
2000b5f1  sl_WlanPolicySet                      
2000c7e9  sl_WlanProfileDel                     
2000bb5d  sl_WlanRxFilterSet                    
2000b275  sl_WlanSet                            
2000c849  sl_WlanSetMode                        
2000be61  spi_Close                             
20008cf1  spi_Open                              
20009df1  spi_Read                              
2000b30d  spi_Write                             
2000d431  sprintf                               
2000de75  strcat                                
2000e19f  strchr                                
2000e145  strcmp                                
2000e1f1  strcpy                                
2000e205  strlen                                
2000d737  strncpy                               
2001f84c  tap_counter                           
2001f858  temp                                  
2001f85c  temp_tap                              
2000ced5  uDMAChannelAssign                     
2000c5fd  uDMAChannelAttributeDisable           
2000c661  uDMAChannelAttributeEnable            
2000d61d  uDMAChannelControlSet                 
2000df21  uDMAChannelEnable                     
20009ee1  uDMAChannelTransferSet                
2000d9dd  unlink                                
2000d471  vsnprintf                             
2000e23d  wcslen                                
2000db75  write                                 


GLOBAL SYMBOLS: SORTED BY Symbol Address 

address   name                                  
-------   ----                                  
00001000  __STACK_SIZE                          
00008000  __SYSMEM_SIZE                         
20004000  g_pfnVectors                          
20004401  SimpleLinkWlanEventHandler            
2000450f  SimpleLinkNetAppEventHandler          
200045b1  SimpleLinkHttpServerCallback          
200045d5  SimpleLinkGeneralEventHandler         
200045f5  SimpleLinkSockEventHandler            
20004fbd  printErrConvenience                   
2000546d  decoder                               
2000588f  multi_tap                             
200059a9  display                               
20005a8f  TimerA0IntHandler                     
20005b21  SendMessage                           
20005b41  PrintMessage                          
20005b67  PrintCharSender                       
20005b95  ClearCharAtSender                     
20005bd1  MasterMain                            
20005c71  main                                  
20005df1  __TI_printfi                          
20006e0d  GPIO_IF_LedConfigure                  
20006e4b  GPIO_IF_LedOn                         
20006eff  GPIO_IF_LedOff                        
20006fb3  GPIO_IF_LedStatus                     
2000701d  GPIO_IF_LedToggle                     
2000704b  GPIO_IF_GetPortNPin                   
20007091  GPIO_IF_ConfigureNIntEnable           
200070d9  GPIO_IF_Set                           
2000711d  GPIO_IF_Get                           
20007169  sl_WlanConnect                        
200073e9  InitTerm                              
20007407  Message                               
20007429  ClearTerm                             
20007433  Error                                 
2000746b  GetCmd                                
20007511  TrimSpace                             
200075a9  Report                                
20007b15  _SlDrvDataReadOp                      
20007cf9  _SlDrvReleasePoolObj                  
20008095  __aeabi_dsub                          
2000809f  __aeabi_dadd                          
2000824b  _nop                                  
2000824d  _SlDrvDriverCBInit                    
2000859d  _SlDrvWaitForPoolObj                  
2000872d  sl_Connect                            
200088b9  PRCMCC3200MCUInit                     
20008ba1  _SlDrvDataWriteOp                     
20008cf1  spi_Open                              
20008f7d  sl_NetAppDnsGetHostByName             
200091fd  PinMuxConfig                          
20009335  __aeabi_ddiv                          
2000946b  __aeabi_idiv0                         
2000946b  __aeabi_ldiv0                         
2000946d  sl_Send                               
200095a1  _SlDrvDriverCBDeinit                  
200097f1  fputs                                 
20009905  _SlDrvNetAppEventHandler              
20009a09  aligned_alloc                         
20009a09  memalign                              
20009b09  __aeabi_dmul                          
20009c05  Timer_IF_Init                         
20009c37  Timer_IF_IntSetup                     
20009c75  Timer_IF_InterruptClear               
20009c8d  Timer_IF_Start                        
20009ca9  Timer_IF_Stop                         
20009cb9  Timer_IF_DeInit                       
20009cd3  Timer_IF_ReLoad                       
20009ce7  Timer_IF_GetCount                     
20009d01  sl_Stop                               
20009df1  spi_Read                              
20009ee1  uDMAChannelTransferSet                
20009fd1  sl_Start                              
2000a1a5  _SlDrvMsgReadSpawnCtx                 
2000a28d  free                                  
2000a371  realloc                               
2000a455  sl_NetAppMDNSRegisterUnregisterService
2000a615  setvbuf                               
2000a6f1  ldexp                                 
2000a6f1  ldexpl                                
2000a6f1  scalbn                                
2000a6f1  scalbnl                               
2000a7c1  _sl_HandleAsync_DnsGetHostByService   
2000a88d  sl_DevGet                             
2000aa1d  _SlDrvCmdOp                           
2000ab91  _SlNonOsSemGet                        
2000ac41  IntDisable                            
2000ace9  IntEnable                             
2000ad91  _SlDriverHandleError                  
2000ae35  SPIConfigSetExpClk                    
2000aed5  sl_Recv                               
2000af75  __aeabi_memcpy                        
2000af75  __aeabi_memcpy4                       
2000af75  __aeabi_memcpy8                       
2000af75  memcpy                                
2000b011  _SlDrvDeviceEventHandler              
2000b0ad  sl_DevSet                             
2000b145  sl_NetCfgSet                          
2000b1dd  sl_SetSockOpt                         
2000b275  sl_WlanSet                            
2000b30d  spi_Write                             
2000b3a5  __aeabi_uldivmod                      
2000b43d  PRCMPeripheralClockGet                
2000b4d1  _sl_HandleAsync_DnsGetHostByName      
2000b561  _sl_HandleAsync_PingResponse          
2000b5f1  sl_WlanPolicySet                      
2000b799  _SlDrvIsTimeoutExpired                
2000b825  _sl_HandleAsync_InitComplete          
2000b8b1  fputc                                 
2000b8b1  putc                                  
2000b93d  sl_Socket                             
2000b9c9  PinConfigSet                          
2000ba51  __aeabi_cdcmpeq                       
2000ba51  __aeabi_cdcmple                       
2000bad7  __aeabi_cdrcmple                      
2000bb5d  sl_WlanRxFilterSet                    
2000bbe1  GPIOIntTypeSet                        
2000bc65  _sl_HandleAsync_Connect               
2000bde5  __aeabi_memclr                        
2000bde5  __aeabi_memclr4                       
2000bde5  __aeabi_memclr8                       
2000bde7  __aeabi_memset                        
2000bde7  __aeabi_memset4                       
2000bde7  __aeabi_memset8                       
2000bded  memset                                
2000be61  spi_Close                             
2000bed9  UARTConfigSetExpClk                   
2000bf51  _SlNonOsMainLoopTask                  
2000bfc5  __TI_closefile                        
2000c039  TimerIntRegister                      
2000c189  HOSTrename                            
2000c1f5  _SlDrvCmdSend                         
2000c261  _sl_NetAppSendTokenValue              
2000c2cd  HOSTlseek                             
2000c335  TimerIntUnregister                    
2000c39d  __TI_decompress_lzss                  
2000c405  printf                                
2000c46d  _SlNonOsSpawn                         
2000c4d1  _sl_HandleAsync_Accept                
2000c535  fseek                                 
2000c599  sl_NetAppMDNSUnRegisterService        
2000c5fd  uDMAChannelAttributeDisable           
2000c661  uDMAChannelAttributeEnable            
2000c6c5  __TI_wrt_ok                           
2000c729  HOSTopen                              
2000c789  sl_Close                              
2000c7e9  sl_WlanProfileDel                     
2000c849  sl_WlanSetMode                        
2000c8a9  close                                 
2000c905  frexp                                 
2000c905  frexpl                                
2000c961  HOSTread                              
2000c9b9  HOSTwrite                             
2000ca11  IntPendClear                          
2000ca69  PRCMPeripheralReset                   
2000cb19  IntPrioritySet                        
2000cb6d  _SlDrvRxIrqHandler                    
2000cbc1  __TI_ltoa                             
2000cc15  _sl_HandleAsync_Select                
2000ccbd  _sl_HandleAsync_Stop                  
2000cd0d  SPIIntEnable                          
2000cda5  _SlDrvProtectAsyncRespSetting         
2000cdf1  __TI_doflush                          
2000ce89  atoi                                  
2000ced5  uDMAChannelAssign                     
2000cf69  SPIIntClear                           
2000cfb1  _SlDrvBasicCmd                        
2000cff9  exit                                  
2000d041  __aeabi_d2iz                          
2000d089  HOSTclose                             
2000d0cd  HOSTunlink                            
2000d155  TimerConfigure                        
2000d199  _SlDrvHandleHttpServerEvents          
2000d1dd  _SlDrvSyncObjWaitTimeout              
2000d221  __TI_auto_init_nobinit_nopinit        
2000d2a9  getdevice                             
2000d2ed  sl_Htonl                              
2000d331  PinModeSet                            
2000d371  _SlDrvHandleNetAppEvents              
2000d3b1  _SlDrvHandleWlanEvents                
2000d431  sprintf                               
2000d471  vsnprintf                             
2000d4b1  NwpRegisterInterruptHandler           
2000d569  PRCMPeripheralClkEnable               
2000d5a5  simplelink_timerA2_start              
2000d5e1  sl_Htons                              
2000d61d  uDMAChannelControlSet                 
2000d659  NwpPowerOff                           
2000d691  __TI_writemsg                         
2000d6bf  C$$IO$$                               
2000d6c9  sl_WlanDisconnect                     
2000d701  GPIODirModeSet                        
2000d737  strncpy                               
2000d76d  PRCMPeripheralStatusGet               
2000d7a1  SPIFIFOLevelSet                       
2000d7d5  __TI_cleanup                          
2000d809  __TI_readmsg                          
2000d83d  PinTypeGPIO                           
2000d86d  UARTDisable                           
2000d8cd  finddevice                            
2000d8fd  __aeabi_i2d                           
2000d92d  NwpPowerOn                            
2000d959  PRCMSysResetCauseGet                  
2000d9b1  _SlDrvProtectionObjLockWaitForever    
2000d9dd  remove                                
2000d9dd  unlink                                
2000da09  TimerLoadSet                          
2000da33  TimerPrescaleSet                      
2000da5d  PRCMPeripheralClkDisable              
2000da85  _SlDrvGlobalObjUnLock                 
2000daad  _SlDrvProtectionObjUnLock             
2000dad5  _SlDrvSyncObjWaitForever              
2000db25  lseek                                 
2000db4d  memmove                               
2000db75  write                                 
2000db9d  _SlDrvObjLockWaitForever              
2000dbc3  sl_Provisioning_HttpServerEventHdl    
2000dbd1  sl_Provisioning_NetAppEventHdl        
2000dbdd  sl_Provisioning_WlanEventHdl          
2000dbe9  DmaSpiSwIntHandler                    
2000dc0d  IntUnregister                         
2000dc31  UARTEnable                            
2000dc55  _c_int00_noargs                       
2000dc79  GPIOIntStatus                         
2000dc9b  SPIReset                              
2000dcbd  SPIWordCountSet                       
2000dcdf  GPIOPinWrite                          
2000dd01  IntRegister                           
2000dd21  NwpPrePowerOffTimout0                 
2000dd41  TimerGetCurrentTimestamp              
2000dd61  _SlDrvObjUnLock                       
2000dd81  _SlDrvSyncObjSignal                   
2000dda1  memchr                                
2000ddc1  GPIOIntRegister                       
2000dddf  TimerDisable                          
2000ddfd  TimerEnable                           
2000de1b  TimerIntStatus                        
2000de39  UARTCharPut                           
2000de75  strcat                                
2000de93  TimerValueGet                         
2000deaf  UARTCharGetNonBlocking                
2000decb  _SlDrvStartMeasureTimeout             
2000df05  memccpy                               
2000df21  uDMAChannelEnable                     
2000df3d  GPIOIntEnable                         
2000df57  PinTypeUART                           
2000df71  SPIDmaDisable                         
2000df8b  SPIDmaEnable                          
2000dfa5  SPIFIFODisable                        
2000dfbf  SPIFIFOEnable                         
2000dfd9  SPIIntUnregister                      
2000dff3  GPIOPinRead                           
2000e00b  SPICSDisable                          
2000e023  SPICSEnable                           
2000e03b  SPIDisable                            
2000e053  SPIEnable                             
2000e06b  TimerIntDisable                       
2000e083  TimerIntEnable                        
2000e09b  UARTCharsAvail                        
2000e0b3  UARTFIFOLevelSet                      
2000e0cb  UARTIntEnable                         
2000e0e3  _SlNonOsSemSet                        
2000e145  strcmp                                
2000e15d  PRCMHIBRegRead                        
2000e173  PRCMHIBRegWrite                       
2000e189  _SlDrvMemZero                         
2000e19f  strchr                                
2000e1b5  CPUcpsie                              
2000e1c9  GPIOIntClear                          
2000e1dd  IntVTableBaseSet                      
2000e1f1  strcpy                                
2000e205  strlen                                
2000e219  TimerIntClear                         
2000e22b  UARTIntClear                          
2000e23d  wcslen                                
2000e24f  _SlDrvDispatchHttpServerEvents        
2000e25f  _SlDrvResetCmdExt                     
2000e26d  __TI_decompress_none                  
2000e27b  ResetISR                              
2000e289  NwpMaskInterrupt                      
2000e295  NwpUnMaskInterrupt                    
2000e2a1  copysign                              
2000e2a1  copysignl                             
2000e2ad  __TI_zero_init                        
2000e2b9  IntMasterEnable                       
2000e2cd  __aeabi_errno_addr                    
2000e2d5  malloc                                
2000e2dd  UtilsDelay                            
2000e2eb  _system_pre_init                      
2000e2ef  C$$EXIT                               
2000e2ef  abort                                 
2000e2f4  _ctypes_                              
2000e674  OpcodeTranslateTable                  
2000e6b0  _SlActionLookupTable                  
2000e8c6  _SlNetAppSendTokenValueCmdCtrl        
2000e908  __TI_static_base__                    
2000e9a4  __TI_Handler_Table_Base               
2000e9b0  __TI_Handler_Table_Limit              
2000e9b8  __TI_CINIT_Base                       
2000e9c8  __TI_CINIT_Limit                      
20017000  __start___llvm_prf_cnts               
20017000  __stop___llvm_prf_cnts                
20017000  _sys_memory                           
2001f168  messageReceived                       
2001f294  messageToBeSent                       
2001f3c0  __CIOBUF_                             
2001f4e0  __TI_tmpnams                          
2001f580  g_ucDinDout                           
2001f5d0  g_time                                
2001f5fc  g_ucConnectionSSID                    
2001f620  g_ucConnectionBSSID                   
2001f628  parmbuf                               
2001f634  drawNow                               
2001f638  RxIrqCnt                              
2001f639  g_bDeviceRestartIsRequired            
2001f63a  g_cDummy                              
2001f63b  g_ucLED1Pin                           
2001f63c  g_ucLED2Pin                           
2001f63d  g_ucLED3Pin                           
2001f640  _ftable                               
2001f730  _device                               
2001f7a8  _stream                               
2001f7f8  g__SlNonOsCB                          
2001f834  g_ulStatus                            
2001f838  g_ulPingPacketsRecv                   
2001f83c  g_ulGatewayIP                         
2001f840  g_Host                                
2001f844  cycle                                 
2001f848  cycle_tap                             
2001f84c  tap_counter                           
2001f850  reset_var                             
2001f854  counter                               
2001f858  temp                                  
2001f85c  temp_tap                              
2001f860  char_position                         
2001f86c  input                                 
2001f8a4  __TI_ft_end                           
2001f8a8  __aeabi_stdin                         
2001f8ac  __aeabi_stdout                        
2001f8b0  __aeabi_stderr                        
2001f8b4  g_SlDeviceStatus                      
2001f8b8  g_pCB                                 
2001f8bc  pPingCallBackFunc                     
2001f8c4  __TI_cleanup_ptr                      
2001f8c8  __TI_dtors_ptr                        
2001f8cc  __TI_enable_exit_profile_output       
2001f8d0  g_uiLED1Port                          
2001f8d4  g_uiLED2Port                          
2001f8d8  g_uiLED3Port                          
2001f8dc  g_SpiFd                               
2001f8e0  g_pHostIntHdl                         
2001f8e4  g_ucDMAEnabled                        
2001f8e8  _lock                                 
2001f8ec  _unlock                               
2001f900  errno                                 
2002f000  __stack                               
20030000  __STACK_END                           
ffffffff  __TI_pprof_out_hndl                   
ffffffff  __TI_prof_data_size                   
ffffffff  __TI_prof_data_start                  
ffffffff  __binit__                             
ffffffff  __c_args__                            
ffffffff  binit                                 
UNDEFED   __mpu_init                            
UNDEFED   _system_post_cinit                    

[364 symbols]
